=== 2026-10-08 04:34:14 train.py --run-dir runs/selfplay --resume --num-envs 1024
480,082 parameters on cuda, battles on JAX's gpu; 131,072 samples an iteration
iter    12     0.49M samples  1535 games (length  31.4, 0 ties)  policy -0.0054  value 0.5236 (ev +0.474)  entropy 1.379  zero-avoid 0.611  kl 0.0081  clip 0.098  [14.2s + 18.2s]
iter    13     0.62M samples  2061 games (length  32.0, 0 ties)  policy -0.0047  value 0.4996 (ev +0.456)  entropy 1.275  zero-avoid 0.732  kl 0.0075  clip 0.087  [2.5s + 17.8s]
iter    14     0.75M samples  2077 games (length  31.6, 0 ties)  policy -0.0061  value 0.4779 (ev +0.487)  entropy 1.242  zero-avoid 0.784  kl 0.0068  clip 0.080  [2.6s + 17.8s]
iter    15     0.88M samples  2130 games (length  31.0, 0 ties)  policy -0.0048  value 0.4686 (ev +0.484)  entropy 1.218  zero-avoid 0.845  kl 0.0076  clip 0.090  [2.6s + 17.7s]
iter    16     1.02M samples  2149 games (length  30.4, 0 ties)  policy -0.0046  value 0.4687 (ev +0.500)  entropy 1.207  zero-avoid 0.839  kl 0.0071  clip 0.084  [2.6s + 18.0s]
iter    17     1.15M samples  2174 games (length  30.2, 0 ties)  policy -0.0050  value 0.4615 (ev +0.485)  entropy 1.177  zero-avoid 0.895  kl 0.0083  clip 0.097  [2.6s + 17.9s]
iter    18     1.28M samples  2199 games (length  30.1, 0 ties)  policy -0.0058  value 0.4614 (ev +0.479)  entropy 1.171  zero-avoid 0.911  kl 0.0077  clip 0.094  [2.8s + 18.1s]
iter    19     1.41M samples  2231 games (length  29.7, 0 ties)  policy -0.0047  value 0.4530 (ev +0.494)  entropy 1.135  zero-avoid 0.988  kl 0.0097  clip 0.111  [2.7s + 17.9s]
iter    20     1.54M samples  2234 games (length  29.1, 0 ties)  policy -0.0040  value 0.4468 (ev +0.505)  entropy 1.122  zero-avoid 1.021  kl 0.0100  clip 0.114  [2.7s + 18.2s]
           eval: 0.988 against random play, 0.979 against iteration 0
iter    21     1.67M samples  2254 games (length  29.0, 0 ties)  policy -0.0043  value 0.4343 (ev +0.511)  entropy 1.108  zero-avoid 1.037  kl 0.0099  clip 0.113  [2.6s + 18.1s]
iter    22     1.80M samples  2254 games (length  29.2, 0 ties)  policy -0.0058  value 0.4383 (ev +0.504)  entropy 1.135  zero-avoid 0.973  kl 0.0110  clip 0.125  [2.8s + 18.4s]
iter    23     1.93M samples  2249 games (length  29.1, 0 ties)  policy -0.0058  value 0.4393 (ev +0.516)  entropy 1.132  zero-avoid 0.968  kl 0.0113  clip 0.128  [2.6s + 18.1s]
iter    24     2.06M samples  2264 games (length  29.1, 0 ties)  policy -0.0052  value 0.4373 (ev +0.521)  entropy 1.155  zero-avoid 0.922  kl 0.0115  clip 0.130  [2.7s + 18.0s]
iter    25     2.20M samples  2229 games (length  29.3, 0 ties)  policy -0.0066  value 0.4232 (ev +0.560)  entropy 1.169  zero-avoid 0.893  kl 0.0120  clip 0.135  [2.6s + 18.1s]
iter    26     2.33M samples  2216 games (length  29.5, 0 ties)  policy -0.0059  value 0.4207 (ev +0.570)  entropy 1.199  zero-avoid 0.849  kl 0.0125  clip 0.141  [2.7s + 18.2s]
iter    27     2.46M samples  2172 games (length  29.6, 0 ties)  policy -0.0062  value 0.4269 (ev +0.574)  entropy 1.177  zero-avoid 0.880  kl 0.0124  clip 0.143  [2.6s + 18.1s]
iter    28     2.59M samples  2196 games (length  30.1, 0 ties)  policy -0.0067  value 0.4381 (ev +0.554)  entropy 1.184  zero-avoid 0.857  kl 0.0128  clip 0.145  [2.7s + 17.9s]
iter    29     2.72M samples  2165 games (length  30.4, 0 ties)  policy -0.0059  value 0.4502 (ev +0.528)  entropy 1.192  zero-avoid 0.822  kl 0.0133  clip 0.152  [2.6s + 17.8s]
iter    30     2.85M samples  2200 games (length  29.9, 0 ties)  policy -0.0059  value 0.4473 (ev +0.542)  entropy 1.194  zero-avoid 0.821  kl 0.0130  clip 0.151  [2.8s + 17.9s]
iter    31     2.98M samples  2210 games (length  29.7, 0 ties)  policy -0.0075  value 0.4286 (ev +0.596)  entropy 1.198  zero-avoid 0.842  kl 0.0126  clip 0.147  [2.7s + 17.8s]
iter    32     3.11M samples  2160 games (length  30.4, 0 ties)  policy -0.0081  value 0.4408 (ev +0.572)  entropy 1.204  zero-avoid 0.829  kl 0.0132  clip 0.154  [2.7s + 17.8s]
iter    33     3.24M samples  2167 games (length  30.1, 0 ties)  policy -0.0062  value 0.4433 (ev +0.562)  entropy 1.202  zero-avoid 0.841  kl 0.0138  clip 0.154  [2.6s + 18.0s]
iter    34     3.38M samples  2162 games (length  30.0, 0 ties)  policy -0.0072  value 0.4559 (ev +0.549)  entropy 1.200  zero-avoid 0.832  kl 0.0128  clip 0.147  [2.6s + 18.2s]
iter    35     3.51M samples  2190 games (length  30.0, 0 ties)  policy -0.0075  value 0.4495 (ev +0.577)  entropy 1.187  zero-avoid 0.845  kl 0.0126  clip 0.147  [2.7s + 17.8s]
iter    36     3.64M samples  2180 games (length  30.3, 0 ties)  policy -0.0075  value 0.4724 (ev +0.531)  entropy 1.166  zero-avoid 0.879  kl 0.0136  clip 0.153  [2.6s + 18.7s]
iter    37     3.77M samples  2176 games (length  29.9, 0 ties)  policy -0.0076  value 0.4604 (ev +0.556)  entropy 1.167  zero-avoid 0.900  kl 0.0133  clip 0.150  [2.8s + 18.1s]
iter    38     3.90M samples  2168 games (length  30.4, 0 ties)  policy -0.0077  value 0.4678 (ev +0.532)  entropy 1.190  zero-avoid 0.845  kl 0.0132  clip 0.151  [2.7s + 18.3s]
iter    39     4.03M samples  2158 games (length  30.3, 0 ties)  policy -0.0072  value 0.4776 (ev +0.529)  entropy 1.200  zero-avoid 0.822  kl 0.0136  clip 0.155  [2.7s + 18.2s]
iter    40     4.16M samples  2083 games (length  30.9, 0 ties)  policy -0.0095  value 0.4770 (ev +0.534)  entropy 1.200  zero-avoid 0.828  kl 0.0134  clip 0.154  [2.7s + 18.0s]
           eval: 0.978 against random play, 0.545 against iteration 20
iter    41     4.29M samples  2157 games (length  30.7, 0 ties)  policy -0.0084  value 0.4863 (ev +0.523)  entropy 1.193  zero-avoid 0.843  kl 0.0130  clip 0.148  [2.7s + 17.8s]
iter    42     4.42M samples  2121 games (length  30.6, 0 ties)  policy -0.0093  value 0.4646 (ev +0.568)  entropy 1.218  zero-avoid 0.811  kl 0.0136  clip 0.153  [2.7s + 18.1s]
iter    43     4.55M samples  2050 games (length  31.7, 0 ties)  policy -0.0080  value 0.4737 (ev +0.539)  entropy 1.231  zero-avoid 0.779  kl 0.0143  clip 0.160  [2.8s + 18.3s]
iter    44     4.69M samples  2119 games (length  31.2, 0 ties)  policy -0.0092  value 0.4738 (ev +0.555)  entropy 1.212  zero-avoid 0.837  kl 0.0135  clip 0.153  [2.8s + 18.1s]
iter    45     4.82M samples  2086 games (length  31.4, 0 ties)  policy -0.0093  value 0.4698 (ev +0.560)  entropy 1.219  zero-avoid 0.826  kl 0.0139  clip 0.158  [2.7s + 18.2s]
iter    46     4.95M samples  2088 games (length  31.4, 0 ties)  policy -0.0086  value 0.4603 (ev +0.584)  entropy 1.222  zero-avoid 0.843  kl 0.0138  clip 0.158  [2.7s + 18.2s]
iter    47     5.08M samples  2101 games (length  31.3, 0 ties)  policy -0.0089  value 0.4708 (ev +0.568)  entropy 1.193  zero-avoid 0.898  kl 0.0141  clip 0.159  [2.8s + 18.8s]
iter    48     5.21M samples  2149 games (length  31.0, 0 ties)  policy -0.0087  value 0.4722 (ev +0.557)  entropy 1.187  zero-avoid 0.918  kl 0.0142  clip 0.161  [2.8s + 19.9s]
iter    49     5.34M samples  2098 games (length  30.7, 0 ties)  policy -0.0085  value 0.4872 (ev +0.534)  entropy 1.173  zero-avoid 0.923  kl 0.0141  clip 0.160  [3.2s + 18.3s]
iter    50     5.47M samples  2132 games (length  30.6, 0 ties)  policy -0.0094  value 0.4755 (ev +0.561)  entropy 1.177  zero-avoid 0.919  kl 0.0142  clip 0.162  [2.8s + 18.9s]
iter    51     5.60M samples  2155 games (length  30.9, 0 ties)  policy -0.0093  value 0.4697 (ev +0.562)  entropy 1.180  zero-avoid 0.908  kl 0.0144  clip 0.162  [2.8s + 18.2s]
iter    52     5.73M samples  2145 games (length  30.4, 0 ties)  policy -0.0099  value 0.4566 (ev +0.579)  entropy 1.191  zero-avoid 0.899  kl 0.0142  clip 0.161  [2.7s + 18.7s]
iter    53     5.87M samples  2149 games (length  30.2, 0 ties)  policy -0.0102  value 0.4554 (ev +0.589)  entropy 1.196  zero-avoid 0.885  kl 0.0147  clip 0.166  [2.9s + 18.4s]
iter    54     6.00M samples  2205 games (length  30.2, 0 ties)  policy -0.0091  value 0.4418 (ev +0.612)  entropy 1.174  zero-avoid 0.953  kl 0.0141  clip 0.158  [2.7s + 18.3s]
iter    55     6.13M samples  2154 games (length  30.2, 0 ties)  policy -0.0100  value 0.4425 (ev +0.601)  entropy 1.172  zero-avoid 0.950  kl 0.0156  clip 0.172  [2.7s + 18.5s]
iter    56     6.26M samples  2178 games (length  30.5, 0 ties)  policy -0.0097  value 0.4433 (ev +0.595)  entropy 1.180  zero-avoid 0.936  kl 0.0157  clip 0.174  [2.8s + 18.5s]
iter    57     6.39M samples  2101 games (length  30.7, 0 ties)  policy -0.0107  value 0.4718 (ev +0.555)  entropy 1.178  zero-avoid 0.911  kl 0.0151  clip 0.169  [2.9s + 18.7s]
iter    58     6.52M samples  2143 games (length  31.0, 0 ties)  policy -0.0109  value 0.4705 (ev +0.570)  entropy 1.184  zero-avoid 0.912  kl 0.0152  clip 0.170  [2.7s + 18.4s]
iter    59     6.65M samples  2096 games (length  31.1, 0 ties)  policy -0.0107  value 0.4698 (ev +0.575)  entropy 1.193  zero-avoid 0.897  kl 0.0147  clip 0.167  [2.7s + 18.4s]
iter    60     6.78M samples  2133 games (length  30.4, 0 ties)  policy -0.0116  value 0.4438 (ev +0.619)  entropy 1.195  zero-avoid 0.922  kl 0.0146  clip 0.166  [2.7s + 18.3s]
           eval: 0.980 against random play, 0.538 against iteration 40
iter    61     6.91M samples  2175 games (length  30.5, 0 ties)  policy -0.0112  value 0.4585 (ev +0.575)  entropy 1.160  zero-avoid 0.976  kl 0.0155  clip 0.173  [2.6s + 18.2s]
iter    62     7.05M samples  2119 games (length  30.5, 0 ties)  policy -0.0106  value 0.4668 (ev +0.572)  entropy 1.156  zero-avoid 0.967  kl 0.0150  clip 0.168  [2.8s + 18.7s]
iter    63     7.18M samples  2131 games (length  31.0, 0 ties)  policy -0.0108  value 0.4673 (ev +0.559)  entropy 1.151  zero-avoid 0.961  kl 0.0166  clip 0.181  [2.7s + 18.6s]
iter    64     7.31M samples  2209 games (length  30.1, 0 ties)  policy -0.0098  value 0.4667 (ev +0.555)  entropy 1.130  zero-avoid 0.999  kl 0.0159  clip 0.176  [2.7s + 18.6s]
iter    65     7.44M samples  2153 games (length  29.9, 0 ties)  policy -0.0112  value 0.4609 (ev +0.566)  entropy 1.133  zero-avoid 0.989  kl 0.0160  clip 0.177  [2.8s + 18.3s]
iter    66     7.57M samples  2231 games (length  29.8, 0 ties)  policy -0.0113  value 0.4597 (ev +0.563)  entropy 1.137  zero-avoid 0.982  kl 0.0157  clip 0.174  [2.8s + 18.4s]
iter    67     7.70M samples  2185 games (length  29.8, 0 ties)  policy -0.0114  value 0.4474 (ev +0.584)  entropy 1.147  zero-avoid 0.955  kl 0.0162  clip 0.178  [2.7s + 18.5s]
iter    68     7.83M samples  2156 games (length  30.0, 0 ties)  policy -0.0123  value 0.4501 (ev +0.574)  entropy 1.163  zero-avoid 0.938  kl 0.0164  clip 0.183  [2.8s + 18.1s]
iter    69     7.96M samples  2164 games (length  30.6, 0 ties)  policy -0.0120  value 0.4553 (ev +0.560)  entropy 1.142  zero-avoid 0.968  kl 0.0158  clip 0.178  [2.7s + 18.4s]
iter    70     8.09M samples  2147 games (length  30.6, 0 ties)  policy -0.0118  value 0.4470 (ev +0.579)  entropy 1.148  zero-avoid 0.970  kl 0.0163  clip 0.181  [2.8s + 18.2s]
iter    71     8.22M samples  2148 games (length  30.3, 0 ties)  policy -0.0118  value 0.4566 (ev +0.546)  entropy 1.139  zero-avoid 0.969  kl 0.0159  clip 0.178  [2.8s + 18.4s]
iter    72     8.36M samples  2182 games (length  30.0, 0 ties)  policy -0.0122  value 0.4531 (ev +0.561)  entropy 1.130  zero-avoid 0.983  kl 0.0159  clip 0.176  [2.7s + 18.5s]
iter    73     8.49M samples  2205 games (length  29.9, 0 ties)  policy -0.0111  value 0.4577 (ev +0.545)  entropy 1.104  zero-avoid 1.036  kl 0.0161  clip 0.179  [2.7s + 18.2s]
iter    74     8.62M samples  2216 games (length  29.8, 0 ties)  policy -0.0119  value 0.4657 (ev +0.521)  entropy 1.111  zero-avoid 1.004  kl 0.0164  clip 0.183  [2.7s + 18.5s]
iter    75     8.75M samples  2164 games (length  30.0, 0 ties)  policy -0.0114  value 0.4615 (ev +0.542)  entropy 1.122  zero-avoid 0.975  kl 0.0159  clip 0.179  [2.8s + 18.7s]
iter    76     8.88M samples  2187 games (length  29.7, 0 ties)  policy -0.0121  value 0.4526 (ev +0.552)  entropy 1.125  zero-avoid 0.977  kl 0.0160  clip 0.180  [2.8s + 18.6s]
iter    77     9.01M samples  2171 games (length  30.4, 0 ties)  policy -0.0118  value 0.4550 (ev +0.541)  entropy 1.120  zero-avoid 0.976  kl 0.0157  clip 0.178  [2.6s + 17.9s]
iter    78     9.14M samples  2164 games (length  30.0, 0 ties)  policy -0.0127  value 0.4554 (ev +0.535)  entropy 1.118  zero-avoid 0.984  kl 0.0161  clip 0.180  [2.6s + 18.4s]
iter    79     9.27M samples  2163 games (length  30.3, 0 ties)  policy -0.0119  value 0.4604 (ev +0.519)  entropy 1.111  zero-avoid 1.000  kl 0.0157  clip 0.179  [2.7s + 18.3s]
iter    80     9.40M samples  2210 games (length  29.9, 0 ties)  policy -0.0118  value 0.4617 (ev +0.511)  entropy 1.100  zero-avoid 1.022  kl 0.0159  clip 0.179  [2.7s + 18.0s]
           eval: 0.992 against random play, 0.543 against iteration 60
iter    81     9.54M samples  2221 games (length  29.7, 0 ties)  policy -0.0124  value 0.4651 (ev +0.494)  entropy 1.101  zero-avoid 1.009  kl 0.0163  clip 0.182  [2.7s + 18.2s]
iter    82     9.67M samples  2204 games (length  29.6, 0 ties)  policy -0.0123  value 0.4535 (ev +0.510)  entropy 1.069  zero-avoid 1.062  kl 0.0160  clip 0.179  [2.7s + 18.5s]
interrupted; saving
